2026-08-25 16:55:44,883 p=18110 u=hamid n=ansible INFO| @all:
  |--@ungrouped:
2026-08-25 16:55:54,281 p=18137 u=hamid n=ansible WARNING| [WARNING]: provided hosts list is empty, only localhost is available. Note that the implicit localhost does not match 'all'

2026-08-25 17:03:43,559 p=18764 u=hamid n=ansible ERROR| [ERROR]: Task failed: Failed to connect to the host via ssh: Warning: Permanently added 'worker1' (ED25519) to the list of known hosts.
hamid@worker1: Permission denied (publickey).
Origin: <adhoc 'ping' task>

{'action': 'ping', 'args': {}, 'timeout': 0, 'async_val': 0, 'poll': 15}


2026-08-25 17:03:43,559 p=18764 u=hamid n=ansible INFO| worker1 | UNREACHABLE! => {
    "changed": false,
    "msg": "Task failed: Failed to connect to the host via ssh: Warning: Permanently added 'worker1' (ED25519) to the list of known hosts.\r\nhamid@worker1: Permission denied (publickey).",
    "unreachable": true
}
2026-08-25 17:03:43,622 p=18764 u=hamid n=ansible ERROR| [ERROR]: Task failed: Failed to connect to the host via ssh: Warning: Permanently added 'master1' (ED25519) to the list of known hosts.
hamid@master1: Permission denied (publickey).
Origin: <adhoc 'ping' task>

{'action': 'ping', 'args': {}, 'timeout': 0, 'async_val': 0, 'poll': 15}


2026-08-25 17:03:43,622 p=18764 u=hamid n=ansible INFO| master1 | UNREACHABLE! => {
    "changed": false,
    "msg": "Task failed: Failed to connect to the host via ssh: Warning: Permanently added 'master1' (ED25519) to the list of known hosts.\r\nhamid@master1: Permission denied (publickey).",
    "unreachable": true
}
2026-08-25 17:05:01,371 p=18822 u=hamid n=ansible WARNING| [WARNING]: Host 'worker1' is using the discovered Python interpreter at '/usr/bin/python3.10', but future installation of another Python interpreter could cause a different interpreter to be discovered. See https://docs.ansible.com/ansible-core/2.20/reference_appendices/interpreter_discovery.html for more information.

2026-08-25 17:05:01,372 p=18822 u=hamid n=ansible INFO| worker1 | SUCCESS => {
    "ansible_facts": {
        "discovered_interpreter_python": "/usr/bin/python3.10"
    },
    "changed": false,
    "ping": "pong"
}
2026-08-25 17:05:01,373 p=18822 u=hamid n=ansible WARNING| [WARNING]: Host 'master1' is using the discovered Python interpreter at '/usr/bin/python3.10', but future installation of another Python interpreter could cause a different interpreter to be discovered. See https://docs.ansible.com/ansible-core/2.20/reference_appendices/interpreter_discovery.html for more information.

2026-08-25 17:05:01,373 p=18822 u=hamid n=ansible INFO| master1 | SUCCESS => {
    "ansible_facts": {
        "discovered_interpreter_python": "/usr/bin/python3.10"
    },
    "changed": false,
    "ping": "pong"
}
2026-08-25 17:06:04,831 p=18899 u=hamid n=ansible WARNING| [WARNING]: Host 'master1' is using the discovered Python interpreter at '/usr/bin/python3.10', but future installation of another Python interpreter could cause a different interpreter to be discovered. See https://docs.ansible.com/ansible-core/2.20/reference_appendices/interpreter_discovery.html for more information.

2026-08-25 17:06:04,835 p=18899 u=hamid n=ansible INFO| master1 | SUCCESS => {
    "ansible_facts": {
        "discovered_interpreter_python": "/usr/bin/python3.10"
    },
    "changed": false,
    "ping": "pong"
}
2026-08-25 17:06:05,205 p=18899 u=hamid n=ansible WARNING| [WARNING]: Host 'worker1' is using the discovered Python interpreter at '/usr/bin/python3.10', but future installation of another Python interpreter could cause a different interpreter to be discovered. See https://docs.ansible.com/ansible-core/2.20/reference_appendices/interpreter_discovery.html for more information.

2026-08-25 17:06:05,205 p=18899 u=hamid n=ansible INFO| worker1 | SUCCESS => {
    "ansible_facts": {
        "discovered_interpreter_python": "/usr/bin/python3.10"
    },
    "changed": false,
    "ping": "pong"
}
2026-08-25 17:06:08,574 p=18942 u=hamid n=ansible WARNING| [WARNING]: Host 'worker1' is using the discovered Python interpreter at '/usr/bin/python3.10', but future installation of another Python interpreter could cause a different interpreter to be discovered. See https://docs.ansible.com/ansible-core/2.20/reference_appendices/interpreter_discovery.html for more information.

2026-08-25 17:06:08,575 p=18942 u=hamid n=ansible INFO| worker1 | SUCCESS => {
    "ansible_facts": {
        "discovered_interpreter_python": "/usr/bin/python3.10"
    },
    "changed": false,
    "ping": "pong"
}
2026-08-25 17:06:08,576 p=18942 u=hamid n=ansible WARNING| [WARNING]: Host 'master1' is using the discovered Python interpreter at '/usr/bin/python3.10', but future installation of another Python interpreter could cause a different interpreter to be discovered. See https://docs.ansible.com/ansible-core/2.20/reference_appendices/interpreter_discovery.html for more information.

2026-08-25 17:06:08,576 p=18942 u=hamid n=ansible INFO| master1 | SUCCESS => {
    "ansible_facts": {
        "discovered_interpreter_python": "/usr/bin/python3.10"
    },
    "changed": false,
    "ping": "pong"
}
2026-08-25 17:06:42,010 p=18999 u=hamid n=ansible INFO| PLAY [use task common] ********************************************************************************************************************************************************
2026-08-25 17:06:42,017 p=18999 u=hamid n=ansible INFO| TASK [Gathering Facts] ********************************************************************************************************************************************************
2026-08-25 17:06:44,408 p=18999 u=hamid n=ansible WARNING| [WARNING]: Host 'master1' is using the discovered Python interpreter at '/usr/bin/python3.10', but future installation of another Python interpreter could cause a different interpreter to be discovered. See https://docs.ansible.com/ansible-core/2.20/reference_appendices/interpreter_discovery.html for more information.

2026-08-25 17:06:44,408 p=18999 u=hamid n=ansible INFO| ok: [master1]
2026-08-25 17:06:44,686 p=18999 u=hamid n=ansible WARNING| [WARNING]: Host 'worker1' is using the discovered Python interpreter at '/usr/bin/python3.10', but future installation of another Python interpreter could cause a different interpreter to be discovered. See https://docs.ansible.com/ansible-core/2.20/reference_appendices/interpreter_discovery.html for more information.

2026-08-25 17:06:44,686 p=18999 u=hamid n=ansible INFO| ok: [worker1]
2026-08-25 17:06:44,692 p=18999 u=hamid n=ansible INFO| TASK [pre-setup : delete user] ************************************************************************************************************************************************
2026-08-25 17:06:44,721 p=18999 u=hamid n=ansible ERROR| [ERROR]: Could not find or access '/Users/hamid/ansible/playbooks/delete-user.yaml' on the Ansible Controller: Unable to retrieve file contents.
Could not find or access '/Users/hamid/ansible/playbooks/delete-user.yaml' on the Ansible Controller.
If you are using a module and expect the file to exist on the remote, see the remote_src option: [Errno 2] No such file or directory: '/Users/hamid/ansible/playbooks/delete-user.yaml'


2026-08-25 17:06:44,722 p=18999 u=hamid n=ansible INFO| fatal: [worker1]: FAILED! => {"changed": false, "include": "delete-user.yaml", "reason": "Could not find or access '/Users/hamid/ansible/playbooks/delete-user.yaml' on the Ansible Controller: Unable to retrieve file contents.\nCould not find or access '/Users/hamid/ansible/playbooks/delete-user.yaml' on the Ansible Controller.\nIf you are using a module and expect the file to exist on the remote, see the remote_src option: [Errno 2] No such file or directory: '/Users/hamid/ansible/playbooks/delete-user.yaml'"}
2026-08-25 17:06:44,722 p=18999 u=hamid n=ansible INFO| fatal: [master1]: FAILED! => {"changed": false, "include": "delete-user.yaml", "reason": "Could not find or access '/Users/hamid/ansible/playbooks/delete-user.yaml' on the Ansible Controller: Unable to retrieve file contents.\nCould not find or access '/Users/hamid/ansible/playbooks/delete-user.yaml' on the Ansible Controller.\nIf you are using a module and expect the file to exist on the remote, see the remote_src option: [Errno 2] No such file or directory: '/Users/hamid/ansible/playbooks/delete-user.yaml'"}
2026-08-25 17:06:44,723 p=18999 u=hamid n=ansible INFO| PLAY RECAP ********************************************************************************************************************************************************************
2026-08-25 17:06:44,723 p=18999 u=hamid n=ansible INFO| master1                    : ok=1    changed=0    unreachable=0    failed=1    skipped=0    rescued=0    ignored=0   
2026-08-25 17:06:44,723 p=18999 u=hamid n=ansible INFO| worker1                    : ok=1    changed=0    unreachable=0    failed=1    skipped=0    rescued=0    ignored=0   
2026-08-25 17:08:05,548 p=19298 u=hamid n=ansible INFO| PLAY [use task common] ********************************************************************************************************************************************************
2026-08-25 17:08:05,554 p=19298 u=hamid n=ansible INFO| TASK [Gathering Facts] ********************************************************************************************************************************************************
2026-08-25 17:08:08,325 p=19298 u=hamid n=ansible WARNING| [WARNING]: Host 'worker1' is using the discovered Python interpreter at '/usr/bin/python3.10', but future installation of another Python interpreter could cause a different interpreter to be discovered. See https://docs.ansible.com/ansible-core/2.20/reference_appendices/interpreter_discovery.html for more information.

2026-08-25 17:08:08,325 p=19298 u=hamid n=ansible INFO| ok: [worker1]
2026-08-25 17:08:09,451 p=19298 u=hamid n=ansible WARNING| [WARNING]: Host 'master1' is using the discovered Python interpreter at '/usr/bin/python3.10', but future installation of another Python interpreter could cause a different interpreter to be discovered. See https://docs.ansible.com/ansible-core/2.20/reference_appendices/interpreter_discovery.html for more information.

2026-08-25 17:08:09,451 p=19298 u=hamid n=ansible INFO| ok: [master1]
2026-08-25 17:08:09,458 p=19298 u=hamid n=ansible INFO| TASK [pre-setup : delete user] ************************************************************************************************************************************************
2026-08-25 17:08:09,489 p=19298 u=hamid n=ansible INFO| included: /Users/hamid/ansible/roles/pre-setup/tasks/delete_user.yml for worker1, master1
2026-08-25 17:08:09,492 p=19298 u=hamid n=ansible INFO| TASK [pre-setup : cute user] **************************************************************************************************************************************************
2026-08-25 17:08:10,188 p=19298 u=hamid n=ansible INFO| changed: [worker1]
2026-08-25 17:08:10,480 p=19298 u=hamid n=ansible INFO| changed: [master1]
2026-08-25 17:08:10,488 p=19298 u=hamid n=ansible INFO| TASK [pre-setup : delete users] ***********************************************************************************************************************************************
2026-08-25 17:08:10,515 p=19298 u=hamid n=ansible ERROR| [ERROR]: Task failed: Error while evaluating conditional: 'myusers' is undefined

Task failed.
Origin: /Users/hamid/ansible/roles/pre-setup/tasks/delete_user.yml:6:3

4   register: users
5
6 - name: delete users
    ^ column 3

<<< caused by >>>

Error while evaluating conditional: 'myusers' is undefined
Origin: /Users/hamid/ansible/roles/pre-setup/tasks/delete_user.yml:12:9

10     remove: true 
11   with_items: "{{ users.stdout_lines }}"
12   when: item not in myusers
           ^ column 9


2026-08-25 17:08:10,515 p=19298 u=hamid n=ansible INFO| failed: [worker1] (item=nobody) => {"ansible_loop_var": "item", "changed": false, "item": "nobody", "msg": "Task failed: Error while evaluating conditional: 'myusers' is undefined"}
2026-08-25 17:08:10,516 p=19298 u=hamid n=ansible INFO| failed: [worker1] (item=ubuntu) => {"ansible_loop_var": "item", "changed": false, "item": "ubuntu", "msg": "Task failed: Error while evaluating conditional: 'myusers' is undefined"}
2026-08-25 17:08:10,519 p=19298 u=hamid n=ansible INFO| failed: [master1] (item=nobody) => {"ansible_loop_var": "item", "changed": false, "item": "nobody", "msg": "Task failed: Error while evaluating conditional: 'myusers' is undefined"}
2026-08-25 17:08:10,521 p=19298 u=hamid n=ansible INFO| failed: [master1] (item=ubuntu) => {"ansible_loop_var": "item", "changed": false, "item": "ubuntu", "msg": "Task failed: Error while evaluating conditional: 'myusers' is undefined"}
2026-08-25 17:08:10,523 p=19298 u=hamid n=ansible INFO| PLAY RECAP ********************************************************************************************************************************************************************
2026-08-25 17:08:10,523 p=19298 u=hamid n=ansible INFO| master1                    : ok=3    changed=1    unreachable=0    failed=1    skipped=0    rescued=0    ignored=0   
2026-08-25 17:08:10,523 p=19298 u=hamid n=ansible INFO| worker1                    : ok=3    changed=1    unreachable=0    failed=1    skipped=0    rescued=0    ignored=0   
2026-08-25 17:16:29,350 p=19902 u=hamid n=ansible INFO| PLAY [use task common] ********************************************************************************************************************************************************
2026-08-25 17:16:29,358 p=19902 u=hamid n=ansible INFO| TASK [Gathering Facts] ********************************************************************************************************************************************************
2026-08-25 17:16:32,518 p=19902 u=hamid n=ansible WARNING| [WARNING]: Host 'worker1' is using the discovered Python interpreter at '/usr/bin/python3.10', but future installation of another Python interpreter could cause a different interpreter to be discovered. See https://docs.ansible.com/ansible-core/2.20/reference_appendices/interpreter_discovery.html for more information.

2026-08-25 17:16:32,519 p=19902 u=hamid n=ansible INFO| ok: [worker1]
2026-08-25 17:16:32,735 p=19902 u=hamid n=ansible WARNING| [WARNING]: Host 'master1' is using the discovered Python interpreter at '/usr/bin/python3.10', but future installation of another Python interpreter could cause a different interpreter to be discovered. See https://docs.ansible.com/ansible-core/2.20/reference_appendices/interpreter_discovery.html for more information.

2026-08-25 17:16:32,736 p=19902 u=hamid n=ansible INFO| ok: [master1]
2026-08-25 17:16:32,742 p=19902 u=hamid n=ansible INFO| TASK [pre-setup : delete user] ************************************************************************************************************************************************
2026-08-25 17:16:32,774 p=19902 u=hamid n=ansible INFO| included: /Users/hamid/ansible/roles/pre-setup/tasks/delete_user.yml for worker1, master1
2026-08-25 17:16:32,777 p=19902 u=hamid n=ansible INFO| TASK [pre-setup : cute user] **************************************************************************************************************************************************
2026-08-25 17:16:33,812 p=19902 u=hamid n=ansible INFO| changed: [master1]
2026-08-25 17:16:33,815 p=19902 u=hamid n=ansible INFO| changed: [worker1]
2026-08-25 17:16:33,817 p=19902 u=hamid n=ansible INFO| TASK [pre-setup : delete users] ***********************************************************************************************************************************************
2026-08-25 17:16:33,844 p=19902 u=hamid n=ansible ERROR| [ERROR]: Task failed: Error while evaluating conditional: 'myusers' is undefined

Task failed.
Origin: /Users/hamid/ansible/roles/pre-setup/tasks/delete_user.yml:6:3

4   register: users
5
6 - name: delete users
    ^ column 3

<<< caused by >>>

Error while evaluating conditional: 'myusers' is undefined
Origin: /Users/hamid/ansible/roles/pre-setup/tasks/delete_user.yml:12:9

10     remove: true 
11   with_items: "{{ users.stdout_lines }}"
12   when: item not in myusers
           ^ column 9


2026-08-25 17:16:33,845 p=19902 u=hamid n=ansible INFO| failed: [worker1] (item=nobody) => {"ansible_loop_var": "item", "changed": false, "item": "nobody", "msg": "Task failed: Error while evaluating conditional: 'myusers' is undefined"}
2026-08-25 17:16:33,846 p=19902 u=hamid n=ansible INFO| failed: [worker1] (item=ubuntu) => {"ansible_loop_var": "item", "changed": false, "item": "ubuntu", "msg": "Task failed: Error while evaluating conditional: 'myusers' is undefined"}
2026-08-25 17:16:33,848 p=19902 u=hamid n=ansible INFO| failed: [master1] (item=nobody) => {"ansible_loop_var": "item", "changed": false, "item": "nobody", "msg": "Task failed: Error while evaluating conditional: 'myusers' is undefined"}
2026-08-25 17:16:33,850 p=19902 u=hamid n=ansible INFO| failed: [master1] (item=ubuntu) => {"ansible_loop_var": "item", "changed": false, "item": "ubuntu", "msg": "Task failed: Error while evaluating conditional: 'myusers' is undefined"}
2026-08-25 17:16:33,851 p=19902 u=hamid n=ansible INFO| PLAY RECAP ********************************************************************************************************************************************************************
2026-08-25 17:16:33,851 p=19902 u=hamid n=ansible INFO| master1                    : ok=3    changed=1    unreachable=0    failed=1    skipped=0    rescued=0    ignored=0   
2026-08-25 17:16:33,851 p=19902 u=hamid n=ansible INFO| worker1                    : ok=3    changed=1    unreachable=0    failed=1    skipped=0    rescued=0    ignored=0   
